// Jest Snapshot v1, https://goo.gl/fbAQLP

exports[`should render ExpenseListItem correctly 1`] = `
<div>
  <[object Object]
    to="/edit/1"
  >
    <h3>
      Gum
    </h3>
  </[object Object]>
  <p>
    109500
    -
    1 Jan, 1970
  </p>
</div>
`;
