Alessandro Cappello14:51
https://www.notion.so/Copy-of-Buongiorno-Francesca-Ecco-il-riassunto-della-nostra-intervista-7bc1dad614f44fa795b7b39548bd4cd9
Alessandro Cappello14:53
https://www.figma.com/file/iWpmL6P4j8SFZamtetE11n/Untitled?node-id=0%3A1
Alessandro Cappello15:00
https://www.varcapital.co.uk/
Alessandro Cappello15:06
https://damienofarrell.com/